
> cleangig@0.1.0 build
> next build

??Next.js 16.1.6 (Turbopack)
- Environments: .env.local

  Creating an optimized production build ...
node.exe : 
위치 줄:1 문자:1
+ & "C:\Program Files\nodejs/node.exe" "C:\Program Files\nodejs/node
_mo ...
+ ~~~~~~~~~~~~~~~~~~~~~~~~~~~~~~~~~~~~~~~~~~~~~~~~~~~~~~~~~~~~~~~~~~
~~~
    + CategoryInfo          : NotSpecified: (:String) [], RemoteExc 
   eption
    + FullyQualifiedErrorId : NativeCommandError
 
> Build error occurred
Error: Turbopack build failed with 1 errors:
./app/globals.css
Error evaluating Node.js code
Error: It looks like you're trying to use `tailwindcss` directly as 
a PostCSS plugin. The PostCSS plugin has moved to a separate package
, so to continue using Tailwind CSS with PostCSS you'll need to inst
all `@tailwindcss/postcss` and update your PostCSS configuration.
    [at at (C:\Users\15Z990\Desktop\怨듦컙???泥?냼?뚮옯??cleangig\node_mod
ules\tailwindcss\dist\lib.js:38:1643)]
    at turbopack:///[turbopack-node]/transforms/postcss.ts:56:14 [C:
\Users\15Z990\Desktop\怨듦컙???泥?냼?뚮옯??cleangig\.next\build\chunks\[ro
ot-of-the-server]__6d51cb5d._.js:165:20]
    [at <anonymous>]
    at Module.init (turbopack:///[turbopack-node]/transforms/postcss
.ts:43:33) [C:\Users\15Z990\Desktop\怨듦컙???泥?냼?뚮옯??cleangig\.next\bu
ild\chunks\[root-of-the-server]__6d51cb5d._.js:155:35]
    at run (turbopack:///[turbopack-node]/ipc/evaluate.ts:77:20) [C:
\Users\15Z990\Desktop\怨듦컙???泥?냼?뚮옯??cleangig\.next\build\chunks\[ro
ot-of-the-server]__44695d76._.js:429:26]
    [at process.processTicksAndRejections (node:internal/process/tas
k_queues:103:5)]

Import trace:
  Client Component Browser:
    ./app/globals.css [Client Component Browser]
    ./app/layout.tsx [Server Component]


    at Module.init (turbopack:///[turbopack-node]/transforms/postcss
.ts:43:33) [C:\Users\15Z990\Desktop\怨듦컙???泥?냼?뚮옯??cleangig\.next\bu
ild\chunks\[root-of-the-server]__6d51cb5d._.js:155:35])
    at run (turbopack:///[turbopack-node]/ipc/evaluate.ts:77:20) [C:
\Users\15Z990\Desktop\怨듦컙???泥?냼?뚮옯??cleangig\.next\build\chunks\[ro
ot-of-the-server]__44695d76._.js:429:26])
